00:00 +0: loading /home/AC79/Desktop/LocateMY/test/features/cost_of_living_budget/budget_page_test.dart
00:00 +0: export success and open action are immediately visible
══╡ EXCEPTION CAUGHT BY FLUTTER TEST FRAMEWORK ╞════════════════════════════════════════════════════
The following TestFailure was thrown running a test:
Expected: exactly one matching candidate
  Actual: _HitTestableWidgetFinder:<Found 0 widgets with text "Export saved on this device"
(considering only hit-testable widgets with a RenderBox): []>
   Which: means none were found but one was expected

When the exception was thrown, this was the stack:
#4      main.<anonymous closure> (file:///home/AC79/Desktop/LocateMY/test/features/cost_of_living_budget/budget_page_test.dart:25:5)
<asynchronous suspension>
#5      testWidgets.<anonymous closure>.<anonymous closure> (package:flutter_test/src/widget_tester.dart:192:15)
<asynchronous suspension>
#6      TestWidgetsFlutterBinding._runTestBody (package:flutter_test/src/binding.dart:1953:5)
<asynchronous suspension>
<asynchronous suspension>
(elided one frame from package:stack_trace)

This was caught by the test expectation on the following line:
  file:///home/AC79/Desktop/LocateMY/test/features/cost_of_living_budget/budget_page_test.dart line 25
The test description was:
  export success and open action are immediately visible
════════════════════════════════════════════════════════════════════════════════════════════════════
00:01 +0 -1: export success and open action are immediately visible [E]
  Test failed. See exception logs above.
  The test description was: export success and open action are immediately visible

00:01 +0 -1: Some tests failed.

Failing tests:
  /home/AC79/Desktop/LocateMY/test/features/cost_of_living_budget/budget_page_test.dart: export success and open action are immediately visible
