Resolving dependencies...
Downloading packages...
  code_assets 1.2.1 (2.1.0 available)
  flutter_map 8.2.2 (8.3.2 available)
  hooks 2.0.2 (2.2.0 available)
  latlong2 0.9.1 (0.10.1 available)
  material_color_utilities 0.13.0 (0.13.1 available)
  meta 1.18.3 (1.19.0 available)
  mgrs_dart 2.0.0 (3.0.0 available)
  native_toolchain_c 0.19.2 (0.19.5 available)
  objective_c 9.5.0 (9.6.0 available)
  passkeys_platform_interface 2.9.0 (2.10.0 available)
  proj4dart 2.1.0 (3.0.0 available)
  record_use 0.6.0 (1.1.1 available)
  sqflite 2.4.2 (2.4.4 available)
  sqflite_common_ffi 2.4.0+3 (2.4.3 available)
  sqlite3 3.5.2 (3.6.0 available)
  test_api 0.7.12 (0.7.14 available)
  unicode 0.3.1 (1.1.9 available)
  vector_math 2.4.0 (2.4.2 available)
Got dependencies!
18 packages have newer versions incompatible with dependency constraints.
Try `flutter pub outdated` for more information.
Running Gradle task 'assembleDebug'...
Running Gradle task 'assembleDebug'...                             43.5s
✓ Built build/app/outputs/flutter-apk/app-debug.apk
WARNING: A restricted method in java.lang.System has been called
WARNING: java.lang.System::load has been called by net.rubygrapefruit.platform.internal.NativeLibraryLoader in an unnamed module (file:/home/AC79/.gradle/wrapper/dists/gradle-9.3.1-all/9ot9r568e8zfvvd4mn8rbu1j0/gradle-9.3.1/lib/native-platform-0.22-milestone-29.jar)
WARNING: Use --enable-native-access=ALL-UNNAMED to avoid a warning for callers in this module
WARNING: Restricted methods will be blocked in a future release unless native access is enabled
