00:00 +0: loading /home/AC79/Desktop/LocateMY/test/features/cost_of_living_budget/cost_page_test.dart
00:00 +0: queued current observation after page disposal starts no request or notification
══╡ EXCEPTION CAUGHT BY FLUTTER TEST FRAMEWORK ╞════════════════════════════════════════════════════
The following assertion was thrown running a test:
A CostViewModel was used after being disposed.
Once you have called dispose() on a CostViewModel, it can no longer be used.

When the exception was thrown, this was the stack:
#0      ChangeNotifier.debugAssertNotDisposed.<anonymous closure> (package:flutter/src/foundation/change_notifier.dart:184:9)
#1      ChangeNotifier.debugAssertNotDisposed (package:flutter/src/foundation/change_notifier.dart:191:6)
#2      ChangeNotifier.notifyListeners (package:flutter/src/foundation/change_notifier.dart:414:27)
#3      CostViewModel.load (package:locatemy/features/cost_of_living_budget/src/presentation/cost_view_model.dart:51:5)
#4      new CostViewModel.<anonymous closure> (package:locatemy/features/cost_of_living_budget/src/presentation/cost_view_model.dart:43:11)
#5      LateCurrentStream.deliverAlreadyQueued (file:///home/AC79/Desktop/LocateMY/test/features/cost_of_living_budget/cost_page_test.dart:150:69)
#6      main.<anonymous closure> (file:///home/AC79/Desktop/LocateMY/test/features/cost_of_living_budget/cost_page_test.dart:22:20)
<asynchronous suspension>
#7      testWidgets.<anonymous closure>.<anonymous closure> (package:flutter_test/src/widget_tester.dart:192:15)
<asynchronous suspension>
#8      TestWidgetsFlutterBinding._runTestBody (package:flutter_test/src/binding.dart:1953:5)
<asynchronous suspension>
<asynchronous suspension>
(elided one frame from package:stack_trace)

The test description was:
  queued current observation after page disposal starts no request or notification
════════════════════════════════════════════════════════════════════════════════════════════════════
00:00 +0 -1: queued current observation after page disposal starts no request or notification [E]
  Test failed. See exception logs above.
  The test description was: queued current observation after page disposal starts no request or notification

00:00 +0 -1: Some tests failed.

Failing tests:
  /home/AC79/Desktop/LocateMY/test/features/cost_of_living_budget/cost_page_test.dart: queued current observation after page disposal starts no request or notification
