--------- beginning of main
09-17 18:11:41.916  9487  9487 I ocatemy.crimeqa: Late-enabling -Xcheck:jni
09-17 18:11:42.021  9487  9487 I ocatemy.crimeqa: Using CollectorTypeCMC GC.
09-17 18:11:42.023  9487  9487 W ocatemy.crimeqa: Unexpected CPU variant for x86: x86_64.
09-17 18:11:42.023  9487  9487 W ocatemy.crimeqa: Known variants: atom, sandybridge, silvermont, goldmont, goldmont-plus, goldmont-without-sha-xsaves, tremont, kabylake, alderlake, default
09-17 18:11:42.112  9487  9487 D nativeloader: Load libframework-connectivity-tiramisu-jni.so using APEX ns com_android_tethering for caller /apex/com.android.tethering/javalib/framework-connectivity-t.jar: ok
09-17 18:11:42.361  9487  9487 D ApplicationLoaders: Returning zygote-cached class loader: /system_ext/framework/androidx.window.extensions.jar
09-17 18:11:42.361  9487  9487 D ApplicationLoaders: Returning zygote-cached class loader: /system_ext/framework/androidx.window.sidecar.jar
09-17 18:11:42.756  9487  9487 D nativeloader: Configuring clns-9 for other apk /data/app/~~NFX9R25nnHP0yMhkvEtmCg==/com.locatemy.crimeqa-EOABI5CVaSAFT1R7t8Gt-w==/base.apk. target_sdk_version=36, uses_libraries=, library_path=/data/app/~~NFX9R25nnHP0yMhkvEtmCg==/com.locatemy.crimeqa-EOABI5CVaSAFT1R7t8Gt-w==/lib/x86_64:/data/app/~~NFX9R25nnHP0yMhkvEtmCg==/com.locatemy.crimeqa-EOABI5CVaSAFT1R7t8Gt-w==/base.apk!/lib/x86_64, permitted_path=/data:/mnt/expand:/data/user/0/com.locatemy.crimeqa
09-17 18:11:42.787  9487  9487 I ocatemy.crimeqa: AssetManager2(0x7287c8856358) locale list changing from [] to [en-US]
09-17 18:11:42.838  9487  9487 V GraphicsEnvironment: Currently set values for:
09-17 18:11:42.845  9487  9487 V GraphicsEnvironment:   angle_gl_driver_selection_pkgs=[]
09-17 18:11:42.846  9487  9487 V GraphicsEnvironment:   angle_gl_driver_selection_values=[]
09-17 18:11:42.846  9487  9487 V GraphicsEnvironment: com.locatemy.crimeqa is not listed in per-application setting
09-17 18:11:42.847  9487  9487 V GraphicsEnvironment: ANGLE allowlist from config: com.dreamgames.royalmatch com.dts.freefiremax com.dxx.firenow com.gramgames.mergedragons com.ludo.king com.mojang.minecraftpe com.my.defense com.nintendo.zaka com.os.airforce com.playrix.fishdomdd.gplay io.teslatech.callbreak jp.konami.prospia net.peakgames.toonblast
09-17 18:11:42.847  9487  9487 V GraphicsEnvironment: com.locatemy.crimeqa is not listed in ANGLE allowlist or settings, returning default
09-17 18:11:42.848  9487  9487 V GraphicsEnvironment: Neither updatable production driver nor prerelease driver is supported.
--------- beginning of system
09-17 18:11:42.898  9487  9519 I DisplayManager: Choreographer implicitly registered for the refresh rate.
09-17 18:11:42.906  9487  9487 I ocatemy.crimeqa: AssetManager2(0x7287c885d6f8) locale list changing from [] to [en-US]
09-17 18:11:42.930  9487  9487 E ashmem  : Pinning is deprecated since Android Q. Please use trim or other methods.
09-17 18:11:42.965  9487  9519 I EGL_emulation: Opening libGLESv1_CM_emulation.so
09-17 18:11:42.965  9487  9519 I EGL_emulation: Opening libGLESv2_emulation.so
09-17 18:11:42.969  9487  9521 D FlutterJNI: Beginning load of flutter...
09-17 18:11:42.970  9487  9522 I ResourceExtractor: Resource version mismatch res_timestamp-1-1789639901346
09-17 18:11:42.972  9487  9519 W HWUI    : Failed to initialize 101010-2 format, error = EGL_SUCCESS
09-17 18:11:43.031  9487  9521 D nativeloader: Load /data/app/~~NFX9R25nnHP0yMhkvEtmCg==/com.locatemy.crimeqa-EOABI5CVaSAFT1R7t8Gt-w==/base.apk!/lib/x86_64/libflutter.so using class loader ns clns-9 (caller=/data/app/~~NFX9R25nnHP0yMhkvEtmCg==/com.locatemy.crimeqa-EOABI5CVaSAFT1R7t8Gt-w==/base.apk): ok
09-17 18:11:43.035  9487  9521 D FlutterJNI: flutter (null) was loaded normally!
09-17 18:11:43.050  9487  9523 D skia    : [SkFontMgr Android Parser] '/product/etc/fonts_customization.xml' could not be opened
09-17 18:11:43.363  9487  9522 I ResourceExtractor: Extracted baseline resource assets/flutter_assets/kernel_blob.bin
09-17 18:11:43.364  9487  9522 I ResourceExtractor: Extracted baseline resource assets/flutter_assets/vm_snapshot_data
09-17 18:11:43.419  9487  9522 I ResourceExtractor: Extracted baseline resource assets/flutter_assets/isolate_snapshot_data
09-17 18:11:43.427  9487  9487 I ocatemy.crimeqa: AssetManager2(0x7287c885f638) locale list changing from [] to [en-US]
09-17 18:11:43.432  9487  9487 W ocatemy.crimeqa: type=1400 audit(0.0:72): avc:  denied  { read } for  name="max_map_count" dev="proc" ino=18966 scontext=u:r:untrusted_app:s0:c220,c256,c512,c768 tcontext=u:object_r:proc_max_map_count:s0 tclass=file permissive=0 app=com.locatemy.crimeqa
09-17 18:11:43.444  9487  9487 D DesktopModeFlags: Toggle override initialized to: OVERRIDE_UNSET
09-17 18:11:43.462  9487  9524 I flutter : [IMPORTANT:flutter/shell/platform/android/android_context_gl_impeller.cc(104)] Using the Impeller rendering backend (OpenGLES).
09-17 18:11:43.569  9487  9530 I flutter : The Dart VM service is listening on http://127.0.0.1:36429/CTAjKGpFsMc=/
09-17 18:11:43.824  9487  9487 D nativeloader: Load /data/app/~~NFX9R25nnHP0yMhkvEtmCg==/com.locatemy.crimeqa-EOABI5CVaSAFT1R7t8Gt-w==/base.apk!/lib/x86_64/libdartjni.so using class loader ns clns-9 (caller=/data/app/~~NFX9R25nnHP0yMhkvEtmCg==/com.locatemy.crimeqa-EOABI5CVaSAFT1R7t8Gt-w==/base.apk!classes4.dex): ok
09-17 18:11:43.856  9487  9487 I ocatemy.crimeqa: hiddenapi: Accessing hidden method Landroid/view/accessibility/AccessibilityNodeInfo;->getSourceNodeId()J (runtime_flags=0, domain=platform, api=unsupported,test-api) from Lio/flutter/view/AccessibilityViewEmbedder$ReflectionAccessors; (domain=app) using reflection: allowed
09-17 18:11:43.857  9487  9487 I ocatemy.crimeqa: hiddenapi: Accessing hidden method Landroid/view/accessibility/AccessibilityRecord;->getSourceNodeId()J (runtime_flags=0, domain=platform, api=unsupported) from Lio/flutter/view/AccessibilityViewEmbedder$ReflectionAccessors; (domain=app) using reflection: allowed
09-17 18:11:43.857  9487  9487 I ocatemy.crimeqa: hiddenapi: Accessing hidden field Landroid/view/accessibility/AccessibilityNodeInfo;->mChildNodeIds:Landroid/util/LongArray; (runtime_flags=0, domain=platform, api=unsupported) from Lio/flutter/view/AccessibilityViewEmbedder$ReflectionAccessors; (domain=app) using reflection: allowed
09-17 18:11:43.857  9487  9487 I ocatemy.crimeqa: hiddenapi: Accessing hidden method Landroid/util/LongArray;->get(I)J (runtime_flags=0, domain=platform, api=unsupported) from Lio/flutter/view/AccessibilityViewEmbedder$ReflectionAccessors; (domain=app) using reflection: allowed
09-17 18:11:43.859  9487  9487 D AccessibilityBridge: Setting not found: accessibility_display_inversion_enabled, using default: 0
09-17 18:11:43.874  9487  9487 D FlutterRenderer: Width is zero. 0,0
09-17 18:11:43.878  9487  9487 D CompatChangeReporter: Compat change id reported: 377864165; UID 10220; state: ENABLED
09-17 18:11:43.899  9487  9487 W HWUI    : Unknown dataspace 0
09-17 18:11:44.181  9487  9487 I Choreographer: Skipped 77 frames!  The application may be doing too much work on its main thread.
09-17 18:11:44.188  9487  9487 I WindowExtensionsImpl: Initializing Window Extensions, vendor API level=9, activity embedding enabled=true
09-17 18:11:44.206  9487  9487 D FlutterRenderer: Width is zero. 0,0
09-17 18:11:44.214  9487  9493 I ocatemy.crimeqa: Compiler allocated 5042KB to compile void android.view.ViewRootImpl.performTraversals()
09-17 18:11:44.225  9487  9487 D FlutterJNI: Sending viewport metrics to the engine.
09-17 18:11:44.564  9487  9487 I flutter : supabase.supabase_flutter: INFO: ***** Supabase init completed ***** 
09-17 18:11:44.596  9487  9487 D WindowLayoutComponentImpl: Register WindowLayoutInfoListener on Context=com.locatemy.app.MainActivity@6f531a5, of which baseContext=android.app.ContextImpl@b589ea3
09-17 18:11:45.730  9487  9487 I Choreographer: Skipped 67 frames!  The application may be doing too much work on its main thread.
09-17 18:11:45.732  9487  9487 D FlutterJNI: Sending viewport metrics to the engine.
09-17 18:11:45.748  9487  9487 I ocatemy.crimeqa: AssetManager2(0x7287c8870618) locale list changing from [] to [en-US]
09-17 18:11:45.841  9487  9487 D FlutterJNI: Sending viewport metrics to the engine.
09-17 18:11:46.417  9487  9487 D InsetsController: hide(ime(), fromIme=false)
09-17 18:11:46.418  9487  9487 I ImeTracker: com.locatemy.crimeqa:f0769ec5: onCancelled at PHASE_CLIENT_ALREADY_HIDDEN
09-17 18:11:46.934  9487  9487 I flutter : CRIME_DEVICE: REAL_SIGNED_IN
09-17 18:11:47.219  9487  9487 I flutter : [38;5;12m┌───────────────────────────────────────────────────────────────────────────────────────────────────────────────────────[0m
09-17 18:11:47.219  9487  9487 I flutter : [38;5;12m│ 💡 [1m[3mflutter_map[0m[0m
09-17 18:11:47.219  9487  9487 I flutter : [38;5;12m│ 💡 flutter_map wants to help keep map data available for everyone.[0m
09-17 18:11:47.219  9487  9487 I flutter : [38;5;12m│ 💡 We use the OpenStreetMap public tile servers in our code examples & demo app,[0m
09-17 18:11:47.219  9487  9487 I flutter : [38;5;12m│ 💡 but they are NOT free to use by everyone. Please review whether OSM's tile[0m
09-17 18:11:47.219  9487  9487 I flutter : [38;5;12m│ 💡 servers are appropriate and the best choice for your app.[0m
09-17 18:11:47.219  9487  9487 I flutter : [38;5;12m│ 💡 See:[0m
09-17 18:11:47.219  9487  9487 I flutter : [38;5;12m│ 💡  * https://operations.osmfoundation.org/policies/tiles (OSM Tile Usage Policy)[0m
09-17 18:11:47.219  9487  9487 I flutter : [38;5;12m│ 💡  * https://docs.fleaflet.dev/osm-warn for more information about this warning[0m
09-17 18:11:47.219  9487  9487 I flutter : [38;5;12m└───────────────────────────────────────────────────────────────────────────────────────────────────────────────────────[0m
09-17 18:11:48.851  9487  9487 I flutter : {"event":"map.load_saved.completed","feature":"map_location","result":"success","duration_bucket":"under10s","correlation_id":"map-1"}
09-17 18:11:48.889  9487  9487 I flutter : {"event":"home.load.completed","feature":"home_relocation_outlook","result":"fresh","duration_bucket":"under10s","correlation_id":"home-1"}
09-17 18:11:49.155  9487  9487 I flutter : {"event":"map.layer.completed","feature":"map_location","result":"success","duration_bucket":"under1s","correlation_id":"map-2"}
09-17 18:11:49.616  9487  9591 D ProfileInstaller: Installing profile for com.locatemy.crimeqa
09-17 18:11:53.940  9487  9487 I ocatemy.crimeqa: AssetManager2(0x7287c88b9d18) locale list changing from [] to [en-US]
09-17 18:11:57.156  9487  9487 I ImeTracker: com.locatemy.crimeqa:c6a13c0f: onRequestShow at ORIGIN_CLIENT reason SHOW_SOFT_INPUT fromUser false
09-17 18:11:57.175  9487  9487 D InsetsController: show(ime(), fromIme=false)
09-17 18:11:57.176  9487  9487 D InsetsController: Setting requestedVisibleTypes to -1 (was -9)
09-17 18:11:57.232  9487  9487 D InputConnectionAdaptor: The input method toggled cursor monitoring on
09-17 18:11:57.249  9487  9487 I AssistStructure: Flattened final assist data: 416 bytes, containing 1 windows, 3 views
09-17 18:11:57.654  9487  9487 W InteractionJankMonitor: Initializing without READ_DEVICE_CONFIG permission. enabled=true, interval=1, missedFrameThreshold=3, frameTimeThreshold=64, package=com.locatemy.crimeqa
09-17 18:11:57.684  9487  9487 D FlutterJNI: Sending viewport metrics to the engine.
09-17 18:11:57.714  9487  9487 D FlutterJNI: Sending viewport metrics to the engine.
09-17 18:11:57.772  9487  9487 D FlutterJNI: Sending viewport metrics to the engine.
09-17 18:11:58.052  9487  9487 I ImeTracker: com.locatemy.crimeqa:c6a13c0f: onShown
09-17 18:11:58.053  9487  9487 D FlutterJNI: Sending viewport metrics to the engine.
09-17 18:11:58.053  9487  9487 D FlutterJNI: Sending viewport metrics to the engine.
09-17 18:11:58.373  9487  9487 W FrameTracker: Missed SF frame:JANK_COMPOSER, 97658, 129241706, CUJ=J<IME_INSETS_SHOW_ANIMATION::0@1@com.locatemy.crimeqa>
09-17 18:11:58.373  9487  9487 W FrameTracker: Missed SF frame:JANK_COMPOSER, 97702, 144531305, CUJ=J<IME_INSETS_SHOW_ANIMATION::0@1@com.locatemy.crimeqa>
09-17 18:11:59.593  9487  9487 I ImeTracker: com.locatemy.crimeqa:5cf16691: onRequestShow at ORIGIN_CLIENT reason SHOW_SOFT_INPUT fromUser false
09-17 18:11:59.593  9487  9487 D InsetsController: show(ime(), fromIme=false)
09-17 18:11:59.595  9487  9487 I ImeTracker: com.locatemy.crimeqa:5cf16691: onCancelled at PHASE_CLIENT_APPLY_ANIMATION
09-17 18:11:59.670  9487  9487 I ImeTracker: com.locatemy.crimeqa:1491d75d: onRequestShow at ORIGIN_CLIENT reason SHOW_SOFT_INPUT fromUser false
09-17 18:11:59.670  9487  9487 D InsetsController: show(ime(), fromIme=false)
09-17 18:11:59.671  9487  9487 I ImeTracker: com.locatemy.crimeqa:1491d75d: onCancelled at PHASE_CLIENT_APPLY_ANIMATION
09-17 18:11:59.673  9487  9487 D InputConnectionAdaptor: The input method toggled cursor monitoring on
09-17 18:11:59.681  9487  9487 I AssistStructure: Flattened final assist data: 416 bytes, containing 1 windows, 3 views
09-17 18:12:00.789  9487  9487 I ImeTracker: com.locatemy.crimeqa:eb9d69de: onRequestHide at ORIGIN_CLIENT reason HIDE_SOFT_INPUT_REQUEST_HIDE_WITH_CONTROL fromUser true
09-17 18:12:00.790  9487  9487 W WindowOnBackDispatcher: sendCancelIfRunning: isInProgress=false callback=android.view.ImeBackAnimationController@ba104bd
09-17 18:12:00.807  9487  9487 D InsetsController: hide(ime(), fromIme=false)
09-17 18:12:00.807  9487  9487 D InsetsController: Setting requestedVisibleTypes to -9 (was -1)
09-17 18:12:00.820  9487  9487 D FlutterJNI: Sending viewport metrics to the engine.
09-17 18:12:00.837  9487  9487 D FlutterJNI: Sending viewport metrics to the engine.
09-17 18:12:00.870  9487  9487 D FlutterJNI: Sending viewport metrics to the engine.
09-17 18:12:00.986  9487  9487 D FlutterJNI: Sending viewport metrics to the engine.
09-17 18:12:00.999  9487  9487 D FlutterJNI: Sending viewport metrics to the engine.
09-17 18:12:01.121  9487  9487 D FlutterJNI: Sending viewport metrics to the engine.
09-17 18:12:01.247  9487  9487 D FlutterJNI: Sending viewport metrics to the engine.
09-17 18:12:01.249  9487  9487 D FlutterJNI: Sending viewport metrics to the engine.
09-17 18:12:01.473  9487  9487 I ImeTracker: system_server:e708ed1: onCancelled at PHASE_CLIENT_ON_CONTROLS_CHANGED
09-17 18:12:01.473  9487  9487 D InputConnectionAdaptor: The input method toggled cursor monitoring on
09-17 18:12:01.473  9487  9487 W FrameTracker: Missed SF frame:JANK_COMPOSER, 98518, 66879364, CUJ=J<IME_INSETS_HIDE_ANIMATION::1@1@com.locatemy.crimeqa>
09-17 18:12:01.473  9487  9487 W FrameTracker: Missed SF frame:JANK_COMPOSER, 98533, 111659015, CUJ=J<IME_INSETS_HIDE_ANIMATION::1@1@com.locatemy.crimeqa>
09-17 18:12:01.473  9487  9487 W FrameTracker: Missed App frame:UNKNOWN: 3, 98555, 141154026, CUJ=J<IME_INSETS_HIDE_ANIMATION::1@1@com.locatemy.crimeqa>
09-17 18:12:01.473  9487  9487 W FrameTracker: Missed SF frame:UNKNOWN: 3, 98555, 141154026, CUJ=J<IME_INSETS_HIDE_ANIMATION::1@1@com.locatemy.crimeqa>
09-17 18:12:01.473  9487  9487 W FrameTracker: Missed SF frame:JANK_COMPOSER, 98573, 40439126, CUJ=J<IME_INSETS_HIDE_ANIMATION::1@1@com.locatemy.crimeqa>
09-17 18:12:01.473  9487  9487 W FrameTracker: Missed App frame:UNKNOWN: 3, 98587, 172180003, CUJ=J<IME_INSETS_HIDE_ANIMATION::1@1@com.locatemy.crimeqa>
09-17 18:12:01.473  9487  9487 W FrameTracker: Missed SF frame:UNKNOWN: 3, 98587, 172180003, CUJ=J<IME_INSETS_HIDE_ANIMATION::1@1@com.locatemy.crimeqa>
09-17 18:12:01.473  9487  9487 W FrameTracker: Missed SF frame:JANK_COMPOSER, 98605, 212482775, CUJ=J<IME_INSETS_HIDE_ANIMATION::1@1@com.locatemy.crimeqa>
09-17 18:12:01.474  9487  9648 V PerfettoTrigger: Triggering /system/bin/trigger_perfetto com.android.telemetry.interaction-jank-monitor-81
09-17 18:12:04.055  9487  9487 I ImeTracker: com.locatemy.crimeqa:40b58c7f: onRequestHide at ORIGIN_CLIENT reason HIDE_SOFT_INPUT fromUser false
09-17 18:12:04.055  9487  9487 D InsetsController: hide(ime(), fromIme=false)
09-17 18:12:04.055  9487  9487 I ImeTracker: com.locatemy.crimeqa:40b58c7f: onCancelled at PHASE_CLIENT_ALREADY_HIDDEN
09-17 18:12:04.056  9487  9487 D CompatChangeReporter: Compat change id reported: 395521150; UID 10220; state: ENABLED
09-17 18:12:04.215  9487  9487 I flutter : {"event":"map.select.completed","feature":"map_location","result":"success","duration_bucket":"under1s","correlation_id":"map-3"}
09-17 18:12:04.443  9487  9487 I flutter : {"event":"map.layer.completed","feature":"map_location","result":"success","duration_bucket":"under100ms","correlation_id":"map-4"}
09-17 18:12:15.071  9487  9487 I flutter : {"event":"facility.analyse.completed","feature":"nearby_facilities","result":"fresh","duration_bucket":"10sOrMore","correlation_id":"facility-1"}
09-17 18:12:19.288  9487  9487 I flutter : {"event":"facility.analyse.completed","feature":"nearby_facilities","result":"sourceUnavailable","duration_bucket":"10sOrMore","correlation_id":"facility-2"}
09-17 18:13:36.667  9487  9487 I flutter : {"event":"map.select.completed","feature":"map_location","result":"success","duration_bucket":"under1s","correlation_id":"map-5"}
09-17 18:13:36.747  9487  9487 I flutter : [38;5;12m┌───────────────────────────────────────────────────────────────────────────────────────────────────────────────────────[0m
09-17 18:13:36.747  9487  9487 I flutter : [38;5;12m│ 💡 [1m[3mflutter_map[0m[0m
09-17 18:13:36.747  9487  9487 I flutter : [38;5;12m│ 💡 flutter_map wants to help keep map data available for everyone.[0m
09-17 18:13:36.747  9487  9487 I flutter : [38;5;12m│ 💡 We use the OpenStreetMap public tile servers in our code examples & demo app,[0m
09-17 18:13:36.747  9487  9487 I flutter : [38;5;12m│ 💡 but they are NOT free to use by everyone. Please review whether OSM's tile[0m
09-17 18:13:36.747  9487  9487 I flutter : [38;5;12m│ 💡 servers are appropriate and the best choice for your app.[0m
09-17 18:13:36.747  9487  9487 I flutter : [38;5;12m│ 💡 See:[0m
09-17 18:13:36.747  9487  9487 I flutter : [38;5;12m│ 💡  * https://operations.osmfoundation.org/policies/tiles (OSM Tile Usage Policy)[0m
09-17 18:13:36.747  9487  9487 I flutter : [38;5;12m│ 💡  * https://docs.fleaflet.dev/osm-warn for more information about this warning[0m
09-17 18:13:36.747  9487  9487 I flutter : [38;5;12m└───────────────────────────────────────────────────────────────────────────────────────────────────────────────────────[0m
09-17 18:13:36.820  9487  9487 I ocatemy.crimeqa: AssetManager2(0x7287c889af58) locale list changing from [] to [en-US]
09-17 18:13:37.008  9487  9487 I flutter : {"event":"map.load_saved.completed","feature":"map_location","result":"success","duration_bucket":"under1s","correlation_id":"map-6"}
09-17 18:13:37.141  9487  9487 I flutter : {"event":"map.layer.completed","feature":"map_location","result":"success","duration_bucket":"under100ms","correlation_id":"map-7"}
09-17 18:13:40.435  9487  9487 I flutter : {"event":"facility.analyse.completed","feature":"nearby_facilities","result":"fresh","duration_bucket":"under10s","correlation_id":"facility-3"}
09-17 18:13:41.839  9487  9487 I flutter : {"event":"facility.analyse.completed","feature":"nearby_facilities","result":"fresh","duration_bucket":"under10s","correlation_id":"facility-4"}
09-17 18:13:48.800  9487  9487 I ImeTracker: com.locatemy.crimeqa:d7b831fe: onRequestShow at ORIGIN_CLIENT reason SHOW_SOFT_INPUT fromUser false
09-17 18:13:48.800  9487  9487 D InsetsController: show(ime(), fromIme=false)
09-17 18:13:48.800  9487  9487 D InsetsController: Setting requestedVisibleTypes to -1 (was -9)
09-17 18:13:48.805  9487  9487 D InputConnectionAdaptor: The input method toggled cursor monitoring on
09-17 18:13:48.805  9487  9487 I AssistStructure: Flattened final assist data: 416 bytes, containing 1 windows, 3 views
09-17 18:13:48.990  9487  9487 D FlutterJNI: Sending viewport metrics to the engine.
09-17 18:13:48.996  9487  9487 D FlutterJNI: Sending viewport metrics to the engine.
09-17 18:13:49.012  9487  9487 D FlutterJNI: Sending viewport metrics to the engine.
09-17 18:13:49.057  9487  9487 D FlutterJNI: Sending viewport metrics to the engine.
09-17 18:13:49.130  9487  9487 D FlutterJNI: Sending viewport metrics to the engine.
09-17 18:13:49.198  9487  9487 D FlutterJNI: Sending viewport metrics to the engine.
09-17 18:13:49.357  9487  9487 I ImeTracker: com.locatemy.crimeqa:d7b831fe: onShown
09-17 18:13:49.357  9487  9487 D FlutterJNI: Sending viewport metrics to the engine.
09-17 18:13:49.358  9487  9487 D FlutterJNI: Sending viewport metrics to the engine.
09-17 18:13:49.552  9487  9487 W FrameTracker: Missed SF frame:JANK_COMPOSER, 113822, 36680328, CUJ=J<IME_INSETS_SHOW_ANIMATION::0@1@com.locatemy.crimeqa>
09-17 18:13:49.552  9487  9487 W FrameTracker: Missed SF frame:JANK_COMPOSER, 113844, 47943634, CUJ=J<IME_INSETS_SHOW_ANIMATION::0@1@com.locatemy.crimeqa>
09-17 18:13:49.552  9487  9487 W FrameTracker: Missed SF frame:JANK_COMPOSER, 113859, 48287854, CUJ=J<IME_INSETS_SHOW_ANIMATION::0@1@com.locatemy.crimeqa>
09-17 18:13:49.553  9487  9487 W FrameTracker: Missed App frame:UNKNOWN: 3, 113889, 77589021, CUJ=J<IME_INSETS_SHOW_ANIMATION::0@1@com.locatemy.crimeqa>
09-17 18:13:49.553  9487  9487 W FrameTracker: Missed SF frame:UNKNOWN: 3, 113889, 77589021, CUJ=J<IME_INSETS_SHOW_ANIMATION::0@1@com.locatemy.crimeqa>
09-17 18:13:49.553  9487  9487 W FrameTracker: Missed SF frame:JANK_COMPOSER, 113941, 96720692, CUJ=J<IME_INSETS_SHOW_ANIMATION::0@1@com.locatemy.crimeqa>
09-17 18:13:49.553  9487  9487 W FrameTracker: Missed SF frame:JANK_COMPOSER, 113986, 171791105, CUJ=J<IME_INSETS_SHOW_ANIMATION::0@1@com.locatemy.crimeqa>
09-17 18:13:49.553  9487  9648 V PerfettoTrigger: Triggering /system/bin/trigger_perfetto com.android.telemetry.interaction-jank-monitor-80
09-17 18:13:49.937  9487  9487 I ImeTracker: com.locatemy.crimeqa:8f1edc59: onRequestShow at ORIGIN_CLIENT reason SHOW_SOFT_INPUT fromUser false
09-17 18:13:49.937  9487  9487 D InsetsController: show(ime(), fromIme=false)
09-17 18:13:49.937  9487  9487 I ImeTracker: com.locatemy.crimeqa:8f1edc59: onCancelled at PHASE_CLIENT_APPLY_ANIMATION
09-17 18:13:49.948  9487  9487 I ImeTracker: com.locatemy.crimeqa:fded656e: onRequestShow at ORIGIN_CLIENT reason SHOW_SOFT_INPUT fromUser false
09-17 18:13:49.949  9487  9487 D InsetsController: show(ime(), fromIme=false)
09-17 18:13:49.949  9487  9487 I ImeTracker: com.locatemy.crimeqa:fded656e: onCancelled at PHASE_CLIENT_APPLY_ANIMATION
09-17 18:13:49.970  9487  9487 D InputConnectionAdaptor: The input method toggled cursor monitoring on
09-17 18:13:49.971  9487  9487 I AssistStructure: Flattened final assist data: 416 bytes, containing 1 windows, 3 views
09-17 18:13:50.773  9487  9487 I ImeTracker: com.locatemy.crimeqa:4fb847b7: onRequestHide at ORIGIN_CLIENT reason HIDE_SOFT_INPUT_REQUEST_HIDE_WITH_CONTROL fromUser true
09-17 18:13:50.774  9487  9487 W WindowOnBackDispatcher: sendCancelIfRunning: isInProgress=false callback=android.view.ImeBackAnimationController@ba104bd
09-17 18:13:50.774  9487  9487 D InsetsController: hide(ime(), fromIme=false)
09-17 18:13:50.774  9487  9487 D InsetsController: Setting requestedVisibleTypes to -9 (was -1)
09-17 18:13:50.783  9487  9487 D FlutterJNI: Sending viewport metrics to the engine.
09-17 18:13:50.795  9487  9487 D FlutterJNI: Sending viewport metrics to the engine.
09-17 18:13:50.813  9487  9487 D FlutterJNI: Sending viewport metrics to the engine.
09-17 18:13:50.828  9487  9487 D FlutterJNI: Sending viewport metrics to the engine.
09-17 18:13:50.866  9487  9487 D FlutterJNI: Sending viewport metrics to the engine.
09-17 18:13:50.887  9487  9487 D FlutterJNI: Sending viewport metrics to the engine.
09-17 18:13:50.936  9487  9487 D FlutterJNI: Sending viewport metrics to the engine.
09-17 18:13:50.950  9487  9487 D FlutterJNI: Sending viewport metrics to the engine.
09-17 18:13:51.007  9487  9487 D FlutterJNI: Sending viewport metrics to the engine.
09-17 18:13:51.051  9487  9487 D FlutterJNI: Sending viewport metrics to the engine.
09-17 18:13:51.099  9487  9487 D FlutterJNI: Sending viewport metrics to the engine.
09-17 18:13:51.102  9487  9487 D FlutterJNI: Sending viewport metrics to the engine.
09-17 18:13:51.151  9487  9487 D InputConnectionAdaptor: The input method toggled cursor monitoring on
09-17 18:13:51.153  9487  9487 I ImeTracker: system_server:e35cd682: onCancelled at PHASE_CLIENT_ON_CONTROLS_CHANGED
09-17 18:13:51.154  9487  9487 W FrameTracker: Missed SF frame:JANK_COMPOSER, 114579, 31877645, CUJ=J<IME_INSETS_HIDE_ANIMATION::1@1@com.locatemy.crimeqa>
09-17 18:13:51.154  9487  9487 W FrameTracker: Missed SF frame:JANK_COMPOSER, 114587, 32248518, CUJ=J<IME_INSETS_HIDE_ANIMATION::1@1@com.locatemy.crimeqa>
09-17 18:13:51.154  9487  9487 W FrameTracker: Missed SF frame:JANK_COMPOSER, 114602, 46867228, CUJ=J<IME_INSETS_HIDE_ANIMATION::1@1@com.locatemy.crimeqa>
09-17 18:13:51.154  9487  9487 W FrameTracker: Missed SF frame:JANK_COMPOSER, 114611, 35492329, CUJ=J<IME_INSETS_HIDE_ANIMATION::1@1@com.locatemy.crimeqa>
09-17 18:13:51.154  9487  9487 W FrameTracker: Missed App frame:UNKNOWN: 3, 114626, 80515815, CUJ=J<IME_INSETS_HIDE_ANIMATION::1@1@com.locatemy.crimeqa>
09-17 18:13:51.154  9487  9487 W FrameTracker: Missed SF frame:UNKNOWN: 3, 114626, 80515815, CUJ=J<IME_INSETS_HIDE_ANIMATION::1@1@com.locatemy.crimeqa>
09-17 18:13:51.154  9487  9487 W FrameTracker: Missed SF frame:JANK_COMPOSER, 114635, 47004346, CUJ=J<IME_INSETS_HIDE_ANIMATION::1@1@com.locatemy.crimeqa>
09-17 18:13:51.154  9487  9487 W FrameTracker: Missed App frame:UNKNOWN: 3, 114649, 70642396, CUJ=J<IME_INSETS_HIDE_ANIMATION::1@1@com.locatemy.crimeqa>
09-17 18:13:51.154  9487  9487 W FrameTracker: Missed SF frame:UNKNOWN: 3, 114649, 70642396, CUJ=J<IME_INSETS_HIDE_ANIMATION::1@1@com.locatemy.crimeqa>
09-17 18:13:51.154  9487  9487 W FrameTracker: Missed App frame:UNKNOWN: 3, 114665, 60964591, CUJ=J<IME_INSETS_HIDE_ANIMATION::1@1@com.locatemy.crimeqa>
09-17 18:13:51.154  9487  9487 W FrameTracker: Missed SF frame:UNKNOWN: 3, 114665, 60964591, CUJ=J<IME_INSETS_HIDE_ANIMATION::1@1@com.locatemy.crimeqa>
09-17 18:13:51.154  9487  9487 W FrameTracker: Missed App frame:UNKNOWN: 3, 114694, 64966202, CUJ=J<IME_INSETS_HIDE_ANIMATION::1@1@com.locatemy.crimeqa>
09-17 18:13:51.154  9487  9487 W FrameTracker: Missed SF frame:UNKNOWN: 3, 114694, 64966202, CUJ=J<IME_INSETS_HIDE_ANIMATION::1@1@com.locatemy.crimeqa>
09-17 18:13:51.154  9487  9648 V PerfettoTrigger: Not triggering com.android.telemetry.interaction-jank-monitor-81 - not enough time since last trigger
09-17 18:13:53.541  9487  9487 I ImeTracker: com.locatemy.crimeqa:c2d63f2d: onRequestHide at ORIGIN_CLIENT reason HIDE_SOFT_INPUT fromUser false
09-17 18:13:53.541  9487  9487 D InsetsController: hide(ime(), fromIme=false)
09-17 18:13:53.541  9487  9487 I ImeTracker: com.locatemy.crimeqa:c2d63f2d: onCancelled at PHASE_CLIENT_ALREADY_HIDDEN
09-17 18:13:53.660  9487  9487 I flutter : {"event":"map.select.completed","feature":"map_location","result":"success","duration_bucket":"under1s","correlation_id":"map-8"}
09-17 18:13:53.739  9487  9487 I flutter : {"event":"map.layer.completed","feature":"map_location","result":"staleViewport","duration_bucket":"10sOrMore","correlation_id":"map-9"}
09-17 18:13:53.741  9487  9487 I flutter : {"event":"facility.contributeLayer.completed","feature":"nearby_facilities","result":"staleViewport","duration_bucket":"10sOrMore","correlation_id":"facility-5"}
09-17 18:13:53.810  9487  9487 I flutter : {"event":"facility.analyse.completed","feature":"nearby_facilities","result":"cached","duration_bucket":"under100ms","correlation_id":"facility-6"}
09-17 18:13:53.854  9487  9487 I flutter : {"event":"map.layer.completed","feature":"map_location","result":"success","duration_bucket":"under100ms","correlation_id":"map-10"}
09-17 18:14:00.966  9487  9487 I ocatemy.crimeqa: AssetManager2(0x7287c88f17b8) locale list changing from [] to [en-US]
09-17 18:14:03.647  9487  9487 I ImeTracker: com.locatemy.crimeqa:4138284e: onRequestShow at ORIGIN_CLIENT reason SHOW_SOFT_INPUT fromUser false
09-17 18:14:03.647  9487  9487 D InsetsController: show(ime(), fromIme=false)
09-17 18:14:03.647  9487  9487 D InsetsController: Setting requestedVisibleTypes to -1 (was -9)
09-17 18:14:03.649  9487  9487 D InputConnectionAdaptor: The input method toggled cursor monitoring on
09-17 18:14:03.650  9487  9487 I AssistStructure: Flattened final assist data: 416 bytes, containing 1 windows, 3 views
09-17 18:14:03.748  9487  9487 D FlutterJNI: Sending viewport metrics to the engine.
09-17 18:14:03.770  9487  9487 D FlutterJNI: Sending viewport metrics to the engine.
09-17 18:14:03.777  9487  9487 D FlutterJNI: Sending viewport metrics to the engine.
09-17 18:14:03.851  9487  9487 D FlutterJNI: Sending viewport metrics to the engine.
09-17 18:14:03.900  9487  9487 D FlutterJNI: Sending viewport metrics to the engine.
09-17 18:14:03.916  9487  9487 D FlutterJNI: Sending viewport metrics to the engine.
09-17 18:14:03.969  9487  9487 D FlutterJNI: Sending viewport metrics to the engine.
09-17 18:14:04.001  9487  9487 D FlutterJNI: Sending viewport metrics to the engine.
09-17 18:14:04.028  9487  9487 D FlutterJNI: Sending viewport metrics to the engine.
09-17 18:14:04.090  9487  9487 I ImeTracker: com.locatemy.crimeqa:4138284e: onShown
09-17 18:14:04.091  9487  9487 D FlutterJNI: Sending viewport metrics to the engine.
09-17 18:14:04.091  9487  9487 D FlutterJNI: Sending viewport metrics to the engine.
09-17 18:14:04.161  9487  9487 W FrameTracker: Missed SF frame:JANK_COMPOSER, 116357, 32237754, CUJ=J<IME_INSETS_SHOW_ANIMATION::0@1@com.locatemy.crimeqa>
09-17 18:14:04.161  9487  9487 W FrameTracker: Missed SF frame:JANK_COMPOSER, 116372, 52593035, CUJ=J<IME_INSETS_SHOW_ANIMATION::0@1@com.locatemy.crimeqa>
09-17 18:14:04.161  9487  9487 W FrameTracker: Missed App frame:UNKNOWN: 3, 116394, 77699547, CUJ=J<IME_INSETS_SHOW_ANIMATION::0@1@com.locatemy.crimeqa>
09-17 18:14:04.161  9487  9487 W FrameTracker: Missed SF frame:UNKNOWN: 3, 116394, 77699547, CUJ=J<IME_INSETS_SHOW_ANIMATION::0@1@com.locatemy.crimeqa>
09-17 18:14:04.161  9487  9487 W FrameTracker: Missed SF frame:JANK_COMPOSER, 116432, 62818157, CUJ=J<IME_INSETS_SHOW_ANIMATION::0@1@com.locatemy.crimeqa>
09-17 18:14:04.161  9487  9487 W FrameTracker: Missed SF frame:JANK_COMPOSER, 116469, 37879612, CUJ=J<IME_INSETS_SHOW_ANIMATION::0@1@com.locatemy.crimeqa>
09-17 18:14:04.161  9487  9487 W FrameTracker: Missed SF frame:JANK_COMPOSER, 116491, 58733702, CUJ=J<IME_INSETS_SHOW_ANIMATION::0@1@com.locatemy.crimeqa>
09-17 18:14:04.161  9487  9487 W FrameTracker: Missed SF frame:JANK_COMPOSER, 116515, 35859116, CUJ=J<IME_INSETS_SHOW_ANIMATION::0@1@com.locatemy.crimeqa>
09-17 18:14:04.161  9487  9487 W FrameTracker: Missed App frame:UNKNOWN: 3, 116531, 46934642, CUJ=J<IME_INSETS_SHOW_ANIMATION::0@1@com.locatemy.crimeqa>
09-17 18:14:04.161  9487  9487 W FrameTracker: Missed SF frame:UNKNOWN: 3, 116531, 46934642, CUJ=J<IME_INSETS_SHOW_ANIMATION::0@1@com.locatemy.crimeqa>
09-17 18:14:04.161  9487  9487 W FrameTracker: Missed App frame:UNKNOWN: 3, 116546, 76678983, CUJ=J<IME_INSETS_SHOW_ANIMATION::0@1@com.locatemy.crimeqa>
09-17 18:14:04.161  9487  9487 W FrameTracker: Missed SF frame:UNKNOWN: 3, 116546, 76678983, CUJ=J<IME_INSETS_SHOW_ANIMATION::0@1@com.locatemy.crimeqa>
09-17 18:14:04.163  9487  9648 V PerfettoTrigger: Not triggering com.android.telemetry.interaction-jank-monitor-80 - not enough time since last trigger
09-17 18:14:04.534  9487  9487 I ImeTracker: com.locatemy.crimeqa:5333f6e0: onRequestShow at ORIGIN_CLIENT reason SHOW_SOFT_INPUT fromUser false
09-17 18:14:04.534  9487  9487 D InsetsController: show(ime(), fromIme=false)
09-17 18:14:04.534  9487  9487 I ImeTracker: com.locatemy.crimeqa:5333f6e0: onCancelled at PHASE_CLIENT_APPLY_ANIMATION
09-17 18:14:04.557  9487  9487 I ImeTracker: com.locatemy.crimeqa:3d99624e: onRequestShow at ORIGIN_CLIENT reason SHOW_SOFT_INPUT fromUser false
09-17 18:14:04.557  9487  9487 D InsetsController: show(ime(), fromIme=false)
09-17 18:14:04.557  9487  9487 I ImeTracker: com.locatemy.crimeqa:3d99624e: onCancelled at PHASE_CLIENT_APPLY_ANIMATION
09-17 18:14:04.558  9487  9487 D InputConnectionAdaptor: The input method toggled cursor monitoring on
09-17 18:14:04.572  9487  9487 I AssistStructure: Flattened final assist data: 416 bytes, containing 1 windows, 3 views
09-17 18:14:05.424  9487  9487 I ImeTracker: com.locatemy.crimeqa:2993d625: onRequestHide at ORIGIN_CLIENT reason HIDE_SOFT_INPUT_REQUEST_HIDE_WITH_CONTROL fromUser true
09-17 18:14:05.426  9487  9487 W WindowOnBackDispatcher: sendCancelIfRunning: isInProgress=false callback=android.view.ImeBackAnimationController@ba104bd
09-17 18:14:05.434  9487  9487 D InsetsController: hide(ime(), fromIme=false)
09-17 18:14:05.434  9487  9487 D InsetsController: Setting requestedVisibleTypes to -9 (was -1)
09-17 18:14:05.446  9487  9487 D FlutterJNI: Sending viewport metrics to the engine.
09-17 18:14:05.461  9487  9487 D FlutterJNI: Sending viewport metrics to the engine.
09-17 18:14:05.485  9487  9487 D FlutterJNI: Sending viewport metrics to the engine.
09-17 18:14:05.506  9487  9487 D FlutterJNI: Sending viewport metrics to the engine.
09-17 18:14:05.540  9487  9487 D FlutterJNI: Sending viewport metrics to the engine.
09-17 18:14:05.564  9487  9487 D FlutterJNI: Sending viewport metrics to the engine.
09-17 18:14:05.595  9487  9487 D FlutterJNI: Sending viewport metrics to the engine.
09-17 18:14:05.601  9487  9487 D FlutterJNI: Sending viewport metrics to the engine.
09-17 18:14:05.656  9487  9487 D FlutterJNI: Sending viewport metrics to the engine.
09-17 18:14:05.662  9487  9487 D FlutterJNI: Sending viewport metrics to the engine.
09-17 18:14:05.713  9487  9487 D FlutterJNI: Sending viewport metrics to the engine.
09-17 18:14:05.747  9487  9487 D FlutterJNI: Sending viewport metrics to the engine.
09-17 18:14:05.785  9487  9487 D FlutterJNI: Sending viewport metrics to the engine.
09-17 18:14:05.786  9487  9487 D FlutterJNI: Sending viewport metrics to the engine.
09-17 18:14:05.821  9487  9487 D InputConnectionAdaptor: The input method toggled cursor monitoring on
09-17 18:14:05.868  9487  9487 I ImeTracker: system_server:eac0dba1: onCancelled at PHASE_CLIENT_ON_CONTROLS_CHANGED
09-17 18:14:05.904  9487  9487 W FrameTracker: Missed SF frame:JANK_COMPOSER, 117108, 11232014, CUJ=J<IME_INSETS_HIDE_ANIMATION::1@1@com.locatemy.crimeqa>
09-17 18:14:05.904  9487  9487 W FrameTracker: Missed App frame:UNKNOWN: 3, 117130, 41505998, CUJ=J<IME_INSETS_HIDE_ANIMATION::1@1@com.locatemy.crimeqa>
09-17 18:14:05.904  9487  9487 W FrameTracker: Missed SF frame:UNKNOWN: 3, 117130, 41505998, CUJ=J<IME_INSETS_HIDE_ANIMATION::1@1@com.locatemy.crimeqa>
09-17 18:14:05.904  9487  9487 W FrameTracker: Missed SF frame:JANK_COMPOSER, 117138, 32964591, CUJ=J<IME_INSETS_HIDE_ANIMATION::1@1@com.locatemy.crimeqa>
09-17 18:14:05.904  9487  9487 W FrameTracker: Missed SF frame:JANK_COMPOSER, 117152, 47524111, CUJ=J<IME_INSETS_HIDE_ANIMATION::1@1@com.locatemy.crimeqa>
09-17 18:14:05.904  9487  9487 W FrameTracker: Missed App frame:UNKNOWN: 3, 117162, 27557485, CUJ=J<IME_INSETS_HIDE_ANIMATION::1@1@com.locatemy.crimeqa>
09-17 18:14:05.904  9487  9487 W FrameTracker: Missed SF frame:UNKNOWN: 3, 117162, 27557485, CUJ=J<IME_INSETS_HIDE_ANIMATION::1@1@com.locatemy.crimeqa>
09-17 18:14:05.904  9487  9487 W FrameTracker: Missed App frame:UNKNOWN: 3, 117176, 49857287, CUJ=J<IME_INSETS_HIDE_ANIMATION::1@1@com.locatemy.crimeqa>
09-17 18:14:05.904  9487  9487 W FrameTracker: Missed SF frame:UNKNOWN: 3, 117176, 49857287, CUJ=J<IME_INSETS_HIDE_ANIMATION::1@1@com.locatemy.crimeqa>
09-17 18:14:05.904  9487  9487 W FrameTracker: Missed SF frame:JANK_COMPOSER, 117191, 59641065, CUJ=J<IME_INSETS_HIDE_ANIMATION::1@1@com.locatemy.crimeqa>
09-17 18:14:05.904  9487  9487 W FrameTracker: Missed App frame:UNKNOWN: 3, 117206, 20953394, CUJ=J<IME_INSETS_HIDE_ANIMATION::1@1@com.locatemy.crimeqa>
09-17 18:14:05.904  9487  9487 W FrameTracker: Missed SF frame:UNKNOWN: 3, 117206, 20953394, CUJ=J<IME_INSETS_HIDE_ANIMATION::1@1@com.locatemy.crimeqa>
09-17 18:14:05.904  9487  9487 W FrameTracker: Missed App frame:UNKNOWN: 3, 117221, 37821100, CUJ=J<IME_INSETS_HIDE_ANIMATION::1@1@com.locatemy.crimeqa>
09-17 18:14:05.904  9487  9487 W FrameTracker: Missed SF frame:UNKNOWN: 3, 117221, 37821100, CUJ=J<IME_INSETS_HIDE_ANIMATION::1@1@com.locatemy.crimeqa>
09-17 18:14:05.904  9487  9487 W FrameTracker: Missed App frame:UNKNOWN: 3, 117243, 61704230, CUJ=J<IME_INSETS_HIDE_ANIMATION::1@1@com.locatemy.crimeqa>
09-17 18:14:05.904  9487  9487 W FrameTracker: Missed SF frame:UNKNOWN: 3, 117243, 61704230, CUJ=J<IME_INSETS_HIDE_ANIMATION::1@1@com.locatemy.crimeqa>
09-17 18:14:05.904  9487  9487 W FrameTracker: Missed App frame:UNKNOWN: 3, 117273, 47976799, CUJ=J<IME_INSETS_HIDE_ANIMATION::1@1@com.locatemy.crimeqa>
09-17 18:14:05.904  9487  9487 W FrameTracker: Missed SF frame:UNKNOWN: 3, 117273, 47976799, CUJ=J<IME_INSETS_HIDE_ANIMATION::1@1@com.locatemy.crimeqa>
09-17 18:14:05.904  9487  9487 W FrameTracker: Missed SF frame:JANK_COMPOSER, 117295, 72842940, CUJ=J<IME_INSETS_HIDE_ANIMATION::1@1@com.locatemy.crimeqa>
09-17 18:14:05.911  9487  9648 V PerfettoTrigger: Not triggering com.android.telemetry.interaction-jank-monitor-81 - not enough time since last trigger
09-17 18:14:08.233  9487  9487 I ImeTracker: com.locatemy.crimeqa:46904bbe: onRequestHide at ORIGIN_CLIENT reason HIDE_SOFT_INPUT fromUser false
09-17 18:14:08.234  9487  9487 D InsetsController: hide(ime(), fromIme=false)
09-17 18:14:08.234  9487  9487 I ImeTracker: com.locatemy.crimeqa:46904bbe: onCancelled at PHASE_CLIENT_ALREADY_HIDDEN
09-17 18:14:08.308  9487  9487 I flutter : {"event":"map.select.completed","feature":"map_location","result":"success","duration_bucket":"under1s","correlation_id":"map-11"}
09-17 18:14:08.428  9487  9487 I flutter : {"event":"map.layer.completed","feature":"map_location","result":"staleViewport","duration_bucket":"10sOrMore","correlation_id":"map-12"}
09-17 18:14:08.428  9487  9487 I flutter : {"event":"facility.contributeLayer.completed","feature":"nearby_facilities","result":"staleViewport","duration_bucket":"10sOrMore","correlation_id":"facility-7"}
09-17 18:14:08.468  9487  9487 I flutter : {"event":"facility.analyse.completed","feature":"nearby_facilities","result":"cached","duration_bucket":"under100ms","correlation_id":"facility-8"}
09-17 18:14:08.604  9487  9487 I flutter : {"event":"map.layer.completed","feature":"map_location","result":"success","duration_bucket":"under100ms","correlation_id":"map-13"}
09-17 18:14:39.409  9487  9487 I flutter : {"event":"map.layer.completed","feature":"map_location","result":"success","duration_bucket":"10sOrMore","correlation_id":"map-14"}
09-17 18:14:39.409  9487  9487 I flutter : {"event":"facility.contributeLayer.completed","feature":"nearby_facilities","result":"success","duration_bucket":"10sOrMore","correlation_id":"facility-9"}
09-17 18:14:42.212  9487  9487 I ocatemy.crimeqa: AssetManager2(0x7287c893f378) locale list changing from [] to [en-US]
09-17 18:14:42.235  9487  9487 D FlutterJNI: Sending viewport metrics to the engine.
09-17 18:15:33.767  9487  9487 I flutter : supabase.auth: INFO: Signing out user with scope: local 
09-17 18:15:33.824  9487  9487 W WindowOnBackDispatcher: sendCancelIfRunning: isInProgress=false callback=io.flutter.embedding.android.FlutterActivity$1@f2192fd
09-17 18:15:34.081  9487  9487 I ocatemy.crimeqa: AssetManager2(0x7287c8891c78) locale list changing from [] to [en-US]
