00:00 +0: loading /home/AC79/Desktop/LocateMY/test/features/crime_security/crime_page_test.dart
00:00 +0: single point shows actual state safety and category filtering keeps score
00:00 +1: A/B shows both state results and swaps presentation order
00:01 +2: main map action carries the current analysis location and property entries are honest Wave 6 routes
00:01 +3: zh at 320dp and 200 percent supports loading, failure, retry and translated statistics
00:01 +4: en at 320dp and 200 percent supports loading, failure, retry and translated statistics
══╡ EXCEPTION CAUGHT BY FLUTTER TEST FRAMEWORK ╞════════════════════════════════════════════════════
The following TestFailure was thrown running a test:
Expected: <false>
  Actual: <true>
Page title remains readable at 200 percent

When the exception was thrown, this was the stack:
#4      main.<anonymous closure> (file:///home/AC79/Desktop/LocateMY/test/features/crime_security/crime_page_test.dart:177:9)
<asynchronous suspension>
#5      testWidgets.<anonymous closure>.<anonymous closure> (package:flutter_test/src/widget_tester.dart:192:15)
<asynchronous suspension>
#6      TestWidgetsFlutterBinding._runTestBody (package:flutter_test/src/binding.dart:1953:5)
<asynchronous suspension>
<asynchronous suspension>
(elided one frame from package:stack_trace)

This was caught by the test expectation on the following line:
  file:///home/AC79/Desktop/LocateMY/test/features/crime_security/crime_page_test.dart line 177
The test description was:
  en at 320dp and 200 percent supports loading, failure, retry and translated statistics
════════════════════════════════════════════════════════════════════════════════════════════════════
00:01 +4 -1: en at 320dp and 200 percent supports loading, failure, retry and translated statistics [E]
  Test failed. See exception logs above.
  The test description was: en at 320dp and 200 percent supports loading, failure, retry and translated statistics
  
00:01 +4 -1: changed location ignores the late old result and dispose ignores unfinished analysis
00:01 +5 -1: Some tests failed.

Failing tests:
  /home/AC79/Desktop/LocateMY/test/features/crime_security/crime_page_test.dart: en at 320dp and 200 percent supports loading, failure, retry and translated statistics
